
[1m[46m RUN [49m[22m [36mv4.1.0 [39m[90mE:/co/tiny-museum[39m

 [31m├ù[39m src/lib/storage/__tests__/artworks.test.ts[2m > [22mArtwork CRUD[2m > [22msaves a new artwork and returns it with an id[32m 20[2mms[22m[39m
[31m   ΓåÆ Maximum call stack size exceeded[39m
 [31m├ù[39m src/lib/storage/__tests__/artworks.test.ts[2m > [22mArtwork CRUD[2m > [22mloads a saved artwork by id[32m 8[2mms[22m[39m
[31m   ΓåÆ Maximum call stack size exceeded[39m
 [31m├ù[39m src/lib/storage/__tests__/artworks.test.ts[2m > [22mArtwork CRUD[2m > [22mupdates existing artwork preserving createdAt[32m 6[2mms[22m[39m
[31m   ΓåÆ Maximum call stack size exceeded[39m
 [31m├ù[39m src/lib/storage/__tests__/artworks.test.ts[2m > [22mArtwork CRUD[2m > [22mlists artworks by room in reverse chronological order[32m 7[2mms[22m[39m
[31m   ΓåÆ Maximum call stack size exceeded[39m
 [31m├ù[39m src/lib/storage/__tests__/artworks.test.ts[2m > [22mArtwork CRUD[2m > [22mdeletes artwork and its blob[32m 6[2mms[22m[39m
[31m   ΓåÆ Maximum call stack size exceeded[39m
 [31m├ù[39m src/lib/storage/__tests__/artworks.test.ts[2m > [22mArtwork CRUD[2m > [22mrenames an artwork[32m 6[2mms[22m[39m
[31m   ΓåÆ Maximum call stack size exceeded[39m
 [31m├ù[39m src/lib/storage/__tests__/artworks.test.ts[2m > [22mArtwork CRUD[2m > [22mtoggles favorite tag on and off[32m 6[2mms[22m[39m
[31m   ΓåÆ Maximum call stack size exceeded[39m
 [31m├ù[39m src/lib/storage/__tests__/artworks.test.ts[2m > [22mArtwork CRUD[2m > [22mmoves artwork between rooms[32m 11[2mms[22m[39m
[31m   ΓåÆ Maximum call stack size exceeded[39m
node.exe : 
At E:\nodejs\npx.ps1:29 
char:3
+   & $NODE_EXE $NPX_CLI_JS 
$args
+   
~~~~~~~~~~~~~~~~~~~~~~~~~~~~~
    + CategoryInfo           
   : NotSpecified: (:String  
  ) [], RemoteException
    + FullyQualifiedErrorId  
   : NativeCommandError
 
[31mΓÄ»ΓÄ»ΓÄ»ΓÄ»ΓÄ»ΓÄ»ΓÄ»[3
9m[1m[41m Failed Tests 8 [
49m[22m[31mΓÄ»ΓÄ»ΓÄ»ΓÄ»ΓÄ»Γ
Ä»ΓÄ»[39m

[41m[1m FAIL [22m[49m src
/lib/storage/__tests__/artwor
ks.test.ts[2m > 
[22mArtwork CRUD[2m > 
[22msaves a new artwork and 
returns it with an id
[41m[1m FAIL [22m[49m src
/lib/storage/__tests__/artwor
ks.test.ts[2m > 
[22mArtwork CRUD[2m > 
[22mloads a saved artwork 
by id
[41m[1m FAIL [22m[49m src
/lib/storage/__tests__/artwor
ks.test.ts[2m > 
[22mArtwork CRUD[2m > 
[22mupdates existing 
artwork preserving createdAt
[41m[1m FAIL [22m[49m src
/lib/storage/__tests__/artwor
ks.test.ts[2m > 
[22mArtwork CRUD[2m > 
[22mlists artworks by room 
in reverse chronological 
order
[41m[1m FAIL [22m[49m src
/lib/storage/__tests__/artwor
ks.test.ts[2m > 
[22mArtwork CRUD[2m > 
[22mdeletes artwork and its 
blob
[41m[1m FAIL [22m[49m src
/lib/storage/__tests__/artwor
ks.test.ts[2m > 
[22mArtwork CRUD[2m > 
[22mrenames an artwork
[41m[1m FAIL [22m[49m src
/lib/storage/__tests__/artwor
ks.test.ts[2m > 
[22mArtwork CRUD[2m > 
[22mtoggles favorite tag on 
and off
[41m[1m FAIL [22m[49m src
/lib/storage/__tests__/artwor
ks.test.ts[2m > 
[22mArtwork CRUD[2m > 
[22mmoves artwork between 
rooms
[31m[1mRangeError[22m: 
Maximum call stack size 
exceeded[39m
[36m [2mΓ¥»[22m 
createMockCanvasElement src/l
ib/storage/__tests__/artworks
.test.ts:[2m40:18[22m[39m
    [90m 38|[39m
    [90m 39|[39m 
[35mfunction[39m [34mcreat
eMockCanvasElement[39m() {
    [90m 40|[39m   
[35mconst[39m canvas 
[33m=[39m document[33m.[3
9m[34mcreateElement[39m([3
2m'canvas'[39m)[33m;[39m
    [90m   |[39m           
       [31m^[39m
    [90m 41|[39m   
[35mconst[39m mockCtx 
[33m=[39m [34mcreateMockCo
ntext[39m()[33m;[39m
    [90m 42|[39m   
canvas.getContext = 
vi.fn((type) => (type === 
'2d' ? mockCtx : null)ΓÇª
[90m [2mΓ¥»[22m 
HTMLDocument.<anonymous> src/
lib/storage/__tests__/artwork
s.test.ts:[2m76:16[22m[39m
[90m [2mΓ¥»[22m 
createMockCanvasElement src/l
ib/storage/__tests__/artworks
.test.ts:[2m40:27[22m[39m
[90m [2mΓ¥»[22m 
HTMLDocument.<anonymous> src/
lib/storage/__tests__/artwork
s.test.ts:[2m76:16[22m[39m
[90m [2mΓ¥»[22m 
createMockCanvasElement src/l
ib/storage/__tests__/artworks
.test.ts:[2m40:27[22m[39m
[90m [2mΓ¥»[22m 
HTMLDocument.<anonymous> src/
lib/storage/__tests__/artwork
s.test.ts:[2m76:16[22m[39m
[90m [2mΓ¥»[22m 
createMockCanvasElement src/l
ib/storage/__tests__/artworks
.test.ts:[2m40:27[22m[39m

[31m[2mΓÄ»ΓÄ»ΓÄ»ΓÄ»ΓÄ»ΓÄ»ΓÄ
»ΓÄ»ΓÄ»ΓÄ»ΓÄ»ΓÄ»ΓÄ»ΓÄ»ΓÄ»ΓÄ»Γ
Ä»ΓÄ»ΓÄ»ΓÄ»ΓÄ»ΓÄ»ΓÄ»ΓÄ»[1/8]Γ
Ä»[22m[39m


[2m Test Files [22m [1m[31m1 failed[39m[22m[90m (1)[39m
[2m      Tests [22m [1m[31m8 failed[39m[22m[90m (8)[39m
[2m   Start at [22m 15:57:33
[2m   Duration [22m 900ms[2m (transform 55ms, setup 119ms, import 103ms, tests 71ms, environment 370ms)[22m

